0 verbose cli /Users/nitin/.hermes/tools/node-26.7.0-darwin-arm64/bin/node /Users/nitin/.hermes/tools/npm-12.0.2-darwin-arm64/bin/npm
1 info using npm@12.0.2
2 info using node@v26.7.0
3 silly config load:file:/Users/nitin/.hermes/tools/npm-12.0.2-darwin-arm64/lib/node_modules/npm/npmrc
4 silly config load:file:/Users/nitin/.hermes/lsp/.npmrc
5 silly config load:file:/Users/nitin/.npmrc
6 silly config load:file:/Users/nitin/.hermes/lsp/etc/npmrc
7 verbose title npm install yaml-language-server
8 verbose argv "install" "--prefix" "/Users/nitin/.hermes/lsp" "--loglevel" "silent" "--no-fund" "--no-audit" "yaml-language-server"
9 verbose logfile logs-max:10 dir:/Users/nitin/Documents/Maverick Harness/.npm-cache/_logs/2026-10-07T10_29_09_569Z-
10 verbose logfile /Users/nitin/Documents/Maverick Harness/.npm-cache/_logs/2026-10-07T10_29_09_569Z-debug-0.log
11 silly logfile done cleaning log files
12 silly install-scripts no package.json at prefix Could not read package.json: Error: ENOENT: no such file or directory, open '/Users/nitin/.hermes/lsp/package.json'
13 silly packumentCache heap:2248146944 maxSize:562036736 maxEntrySize:281018368
14 silly idealTree buildDeps
15 silly fetch manifest yaml-language-server@*
16 silly packumentCache full:https://registry.npmjs.org/yaml-language-server cache-miss
17 http fetch GET 200 https://registry.npmjs.org/npm 221ms
18 http fetch GET 200 https://registry.npmjs.org/yaml-language-server 508ms (cache miss)
19 silly packumentCache full:https://registry.npmjs.org/yaml-language-server set size:undefined disposed:false
20 silly placeDep ROOT yaml-language-server@1.24.0 OK for:  want: *
21 silly fetch manifest ajv@^8.17.1
22 silly packumentCache full:https://registry.npmjs.org/ajv cache-miss
23 silly fetch manifest yaml@2.8.3
24 silly packumentCache full:https://registry.npmjs.org/yaml cache-miss
25 silly fetch manifest ajv-i18n@^4.2.0
26 silly packumentCache full:https://registry.npmjs.org/ajv-i18n cache-miss
27 silly fetch manifest prettier@^3.8.1
28 silly packumentCache full:https://registry.npmjs.org/prettier cache-miss
29 silly fetch manifest picomatch@^4.0.4
30 silly packumentCache full:https://registry.npmjs.org/picomatch cache-miss
31 silly fetch manifest vscode-uri@^3.0.2
32 silly packumentCache full:https://registry.npmjs.org/vscode-uri cache-miss
33 silly fetch manifest @vscode/l10n@^0.0.18
34 silly packumentCache full:https://registry.npmjs.org/@vscode%2fl10n cache-miss
35 http fetch GET 200 https://registry.npmjs.org/yaml 47ms (cache miss)
36 silly packumentCache full:https://registry.npmjs.org/yaml set size:undefined disposed:false
37 silly fetch manifest ajv-draft-04@^1.0.0
38 silly packumentCache full:https://registry.npmjs.org/ajv-draft-04 cache-miss
39 http fetch GET 200 https://registry.npmjs.org/ajv 72ms (cache miss)
40 silly packumentCache full:https://registry.npmjs.org/ajv set size:undefined disposed:false
41 silly fetch manifest jsonc-parser@^3.3.1
42 silly packumentCache full:https://registry.npmjs.org/jsonc-parser cache-miss
43 http fetch GET 200 https://registry.npmjs.org/ajv-draft-04 34ms (cache miss)
44 silly packumentCache full:https://registry.npmjs.org/ajv-draft-04 set size:undefined disposed:false
45 silly fetch manifest request-light@^0.5.7
46 silly packumentCache full:https://registry.npmjs.org/request-light cache-miss
47 http fetch GET 200 https://registry.npmjs.org/@vscode%2fl10n 86ms (cache miss)
48 silly packumentCache full:https://registry.npmjs.org/@vscode%2fl10n set size:undefined disposed:false
49 silly fetch manifest vscode-languageserver@^9.0.0
50 silly packumentCache full:https://registry.npmjs.org/vscode-languageserver cache-miss
51 http fetch GET 200 https://registry.npmjs.org/picomatch 90ms (cache miss)
52 silly packumentCache full:https://registry.npmjs.org/picomatch set size:undefined disposed:false
53 silly fetch manifest vscode-languageserver-types@~3.17.5
54 silly packumentCache full:https://registry.npmjs.org/vscode-languageserver-types cache-miss
55 http fetch GET 200 https://registry.npmjs.org/vscode-uri 94ms (cache miss)
56 silly packumentCache full:https://registry.npmjs.org/vscode-uri set size:undefined disposed:false
57 silly fetch manifest vscode-languageserver-textdocument@^1.0.1
58 silly packumentCache full:https://registry.npmjs.org/vscode-languageserver-textdocument cache-miss
59 http fetch GET 200 https://registry.npmjs.org/prettier 102ms (cache miss)
60 silly packumentCache full:https://registry.npmjs.org/prettier set size:undefined disposed:false
61 http fetch GET 200 https://registry.npmjs.org/jsonc-parser 38ms (cache miss)
62 silly packumentCache full:https://registry.npmjs.org/jsonc-parser set size:undefined disposed:false
63 http fetch GET 200 https://registry.npmjs.org/request-light 32ms (cache miss)
64 silly packumentCache full:https://registry.npmjs.org/request-light set size:undefined disposed:false
65 http fetch GET 200 https://registry.npmjs.org/vscode-languageserver-types 40ms (cache miss)
66 silly packumentCache full:https://registry.npmjs.org/vscode-languageserver-types set size:undefined disposed:false
67 http fetch GET 200 https://registry.npmjs.org/vscode-languageserver-textdocument 39ms (cache miss)
68 silly packumentCache full:https://registry.npmjs.org/vscode-languageserver-textdocument set size:undefined disposed:false
69 http fetch GET 200 https://registry.npmjs.org/vscode-languageserver 55ms (cache miss)
70 silly packumentCache full:https://registry.npmjs.org/vscode-languageserver set size:undefined disposed:false
71 http fetch GET 200 https://registry.npmjs.org/ajv-i18n 317ms (cache miss)
72 silly packumentCache full:https://registry.npmjs.org/ajv-i18n set size:undefined disposed:false
73 silly placeDep ROOT @vscode/l10n@0.0.18 OK for: yaml-language-server@1.24.0 want: ^0.0.18
74 silly placeDep ROOT ajv@8.20.0 OK for: yaml-language-server@1.24.0 want: ^8.17.1
75 silly placeDep ROOT ajv-draft-04@1.0.0 OK for: yaml-language-server@1.24.0 want: ^1.0.0
76 silly placeDep ROOT ajv-i18n@4.2.0 OK for: yaml-language-server@1.24.0 want: ^4.2.0
77 silly placeDep ROOT jsonc-parser@3.3.1 OK for: yaml-language-server@1.24.0 want: ^3.3.1
78 silly placeDep ROOT picomatch@4.0.7 OK for: yaml-language-server@1.24.0 want: ^4.0.4
79 silly placeDep ROOT prettier@3.9.9 OK for: yaml-language-server@1.24.0 want: ^3.8.1
80 silly placeDep ROOT request-light@0.5.8 OK for: yaml-language-server@1.24.0 want: ^0.5.7
81 silly placeDep ROOT vscode-languageserver@9.0.1 OK for: yaml-language-server@1.24.0 want: ^9.0.0
82 silly placeDep ROOT vscode-languageserver-textdocument@1.0.15 OK for: yaml-language-server@1.24.0 want: ^1.0.1
83 silly placeDep ROOT vscode-languageserver-types@3.17.5 OK for: yaml-language-server@1.24.0 want: ~3.17.5
84 silly placeDep ROOT vscode-uri@3.2.0 OK for: yaml-language-server@1.24.0 want: ^3.0.2
85 silly placeDep ROOT yaml@2.8.3 OK for: yaml-language-server@1.24.0 want: 2.8.3
86 silly fetch manifest fast-deep-equal@^3.1.3
87 silly packumentCache full:https://registry.npmjs.org/fast-deep-equal cache-miss
88 silly fetch manifest fast-uri@^3.0.1
89 silly packumentCache full:https://registry.npmjs.org/fast-uri cache-miss
90 silly fetch manifest json-schema-traverse@^1.0.0
91 silly packumentCache full:https://registry.npmjs.org/json-schema-traverse cache-miss
92 silly fetch manifest require-from-string@^2.0.2
93 silly packumentCache full:https://registry.npmjs.org/require-from-string cache-miss
94 silly fetch manifest vscode-languageserver-protocol@3.17.5
95 silly packumentCache full:https://registry.npmjs.org/vscode-languageserver-protocol cache-miss
96 http fetch GET 200 https://registry.npmjs.org/require-from-string 65ms (cache miss)
97 silly packumentCache full:https://registry.npmjs.org/require-from-string set size:undefined disposed:false
98 http fetch GET 200 https://registry.npmjs.org/json-schema-traverse 67ms (cache miss)
99 silly packumentCache full:https://registry.npmjs.org/json-schema-traverse set size:undefined disposed:false
100 http fetch GET 200 https://registry.npmjs.org/fast-deep-equal 71ms (cache miss)
101 silly packumentCache full:https://registry.npmjs.org/fast-deep-equal set size:undefined disposed:false
102 http fetch GET 200 https://registry.npmjs.org/fast-uri 76ms (cache miss)
103 silly packumentCache full:https://registry.npmjs.org/fast-uri set size:undefined disposed:false
104 http fetch GET 200 https://registry.npmjs.org/vscode-languageserver-protocol 90ms (cache miss)
105 silly packumentCache full:https://registry.npmjs.org/vscode-languageserver-protocol set size:undefined disposed:false
106 silly placeDep ROOT fast-deep-equal@3.1.3 OK for: ajv@8.20.0 want: ^3.1.3
107 silly placeDep ROOT fast-uri@3.1.8 OK for: ajv@8.20.0 want: ^3.0.1
108 silly placeDep ROOT json-schema-traverse@1.0.0 OK for: ajv@8.20.0 want: ^1.0.0
109 silly placeDep ROOT require-from-string@2.0.2 OK for: ajv@8.20.0 want: ^2.0.2
110 silly placeDep ROOT vscode-languageserver-protocol@3.17.5 OK for: vscode-languageserver@9.0.1 want: 3.17.5
111 silly fetch manifest vscode-jsonrpc@8.2.0
112 silly packumentCache full:https://registry.npmjs.org/vscode-jsonrpc cache-miss
113 http fetch GET 200 https://registry.npmjs.org/vscode-jsonrpc 50ms (cache miss)
114 silly packumentCache full:https://registry.npmjs.org/vscode-jsonrpc set size:undefined disposed:false
115 silly placeDep ROOT vscode-jsonrpc@8.2.0 OK for: vscode-languageserver-protocol@3.17.5 want: 8.2.0
116 silly reify moves {}
117 http cache vscode-jsonrpc@https://registry.npmjs.org/vscode-jsonrpc/-/vscode-jsonrpc-8.2.0.tgz 0ms (cache hit)
118 http cache vscode-languageserver-protocol@https://registry.npmjs.org/vscode-languageserver-protocol/-/vscode-languageserver-protocol-3.17.5.tgz 0ms (cache hit)
119 http cache require-from-string@https://registry.npmjs.org/require-from-string/-/require-from-string-2.0.2.tgz 0ms (cache hit)
120 http cache fast-uri@https://registry.npmjs.org/fast-uri/-/fast-uri-3.1.8.tgz 0ms (cache hit)
121 http cache fast-deep-equal@https://registry.npmjs.org/fast-deep-equal/-/fast-deep-equal-3.1.3.tgz 0ms (cache hit)
122 http cache yaml@https://registry.npmjs.org/yaml/-/yaml-2.8.3.tgz 0ms (cache hit)
123 http cache vscode-languageserver-types@https://registry.npmjs.org/vscode-languageserver-types/-/vscode-languageserver-types-3.17.5.tgz 0ms (cache hit)
124 http cache vscode-uri@https://registry.npmjs.org/vscode-uri/-/vscode-uri-3.2.0.tgz 0ms (cache hit)
125 http cache vscode-languageserver-textdocument@https://registry.npmjs.org/vscode-languageserver-textdocument/-/vscode-languageserver-textdocument-1.0.15.tgz 0ms (cache hit)
126 http cache vscode-languageserver@https://registry.npmjs.org/vscode-languageserver/-/vscode-languageserver-9.0.1.tgz 0ms (cache hit)
127 http cache request-light@https://registry.npmjs.org/request-light/-/request-light-0.5.8.tgz 0ms (cache hit)
128 http cache prettier@https://registry.npmjs.org/prettier/-/prettier-3.9.9.tgz 0ms (cache hit)
129 http cache json-schema-traverse@https://registry.npmjs.org/json-schema-traverse/-/json-schema-traverse-1.0.0.tgz 0ms (cache hit)
130 http cache picomatch@https://registry.npmjs.org/picomatch/-/picomatch-4.0.7.tgz 0ms (cache hit)
131 http cache jsonc-parser@https://registry.npmjs.org/jsonc-parser/-/jsonc-parser-3.3.1.tgz 0ms (cache hit)
132 http cache ajv-i18n@https://registry.npmjs.org/ajv-i18n/-/ajv-i18n-4.2.0.tgz 0ms (cache hit)
133 http cache ajv-draft-04@https://registry.npmjs.org/ajv-draft-04/-/ajv-draft-04-1.0.0.tgz 0ms (cache hit)
134 http cache @vscode/l10n@https://registry.npmjs.org/@vscode/l10n/-/l10n-0.0.18.tgz 0ms (cache hit)
135 http cache ajv@https://registry.npmjs.org/ajv/-/ajv-8.20.0.tgz 0ms (cache hit)
136 http cache yaml-language-server@https://registry.npmjs.org/yaml-language-server/-/yaml-language-server-1.24.0.tgz 0ms (cache hit)
137 silly tarball no local data for vscode-jsonrpc@https://registry.npmjs.org/vscode-jsonrpc/-/vscode-jsonrpc-8.2.0.tgz. Extracting by manifest.
138 silly tarball no local data for vscode-languageserver-protocol@https://registry.npmjs.org/vscode-languageserver-protocol/-/vscode-languageserver-protocol-3.17.5.tgz. Extracting by manifest.
139 silly tarball no local data for require-from-string@https://registry.npmjs.org/require-from-string/-/require-from-string-2.0.2.tgz. Extracting by manifest.
140 silly tarball no local data for fast-uri@https://registry.npmjs.org/fast-uri/-/fast-uri-3.1.8.tgz. Extracting by manifest.
141 silly tarball no local data for fast-deep-equal@https://registry.npmjs.org/fast-deep-equal/-/fast-deep-equal-3.1.3.tgz. Extracting by manifest.
142 silly tarball no local data for yaml@https://registry.npmjs.org/yaml/-/yaml-2.8.3.tgz. Extracting by manifest.
143 silly tarball no local data for vscode-languageserver-types@https://registry.npmjs.org/vscode-languageserver-types/-/vscode-languageserver-types-3.17.5.tgz. Extracting by manifest.
144 silly tarball no local data for vscode-uri@https://registry.npmjs.org/vscode-uri/-/vscode-uri-3.2.0.tgz. Extracting by manifest.
145 silly tarball no local data for vscode-languageserver-textdocument@https://registry.npmjs.org/vscode-languageserver-textdocument/-/vscode-languageserver-textdocument-1.0.15.tgz. Extracting by manifest.
146 silly tarball no local data for vscode-languageserver@https://registry.npmjs.org/vscode-languageserver/-/vscode-languageserver-9.0.1.tgz. Extracting by manifest.
147 silly tarball no local data for request-light@https://registry.npmjs.org/request-light/-/request-light-0.5.8.tgz. Extracting by manifest.
148 silly tarball no local data for prettier@https://registry.npmjs.org/prettier/-/prettier-3.9.9.tgz. Extracting by manifest.
149 silly tarball no local data for json-schema-traverse@https://registry.npmjs.org/json-schema-traverse/-/json-schema-traverse-1.0.0.tgz. Extracting by manifest.
150 silly tarball no local data for picomatch@https://registry.npmjs.org/picomatch/-/picomatch-4.0.7.tgz. Extracting by manifest.
151 silly tarball no local data for jsonc-parser@https://registry.npmjs.org/jsonc-parser/-/jsonc-parser-3.3.1.tgz. Extracting by manifest.
152 silly tarball no local data for ajv-i18n@https://registry.npmjs.org/ajv-i18n/-/ajv-i18n-4.2.0.tgz. Extracting by manifest.
153 silly tarball no local data for ajv-draft-04@https://registry.npmjs.org/ajv-draft-04/-/ajv-draft-04-1.0.0.tgz. Extracting by manifest.
154 silly tarball no local data for @vscode/l10n@https://registry.npmjs.org/@vscode/l10n/-/l10n-0.0.18.tgz. Extracting by manifest.
155 silly tarball no local data for ajv@https://registry.npmjs.org/ajv/-/ajv-8.20.0.tgz. Extracting by manifest.
156 silly tarball no local data for yaml-language-server@https://registry.npmjs.org/yaml-language-server/-/yaml-language-server-1.24.0.tgz. Extracting by manifest.
157 http fetch GET 200 https://registry.npmjs.org/require-from-string/-/require-from-string-2.0.2.tgz 119ms (cache miss)
158 http fetch GET 200 https://registry.npmjs.org/fast-deep-equal/-/fast-deep-equal-3.1.3.tgz 117ms (cache miss)
159 http fetch GET 200 https://registry.npmjs.org/@vscode/l10n/-/l10n-0.0.18.tgz 109ms (cache miss)
160 http fetch GET 200 https://registry.npmjs.org/vscode-languageserver-textdocument/-/vscode-languageserver-textdocument-1.0.15.tgz 134ms (cache miss)
161 http fetch GET 200 https://registry.npmjs.org/vscode-languageserver-types/-/vscode-languageserver-types-3.17.5.tgz 142ms (cache miss)
162 http fetch GET 200 https://registry.npmjs.org/json-schema-traverse/-/json-schema-traverse-1.0.0.tgz 162ms (cache miss)
163 http fetch GET 200 https://registry.npmjs.org/request-light/-/request-light-0.5.8.tgz 166ms (cache miss)
164 http fetch GET 200 https://registry.npmjs.org/picomatch/-/picomatch-4.0.7.tgz 193ms (cache miss)
165 http fetch GET 200 https://registry.npmjs.org/fast-uri/-/fast-uri-3.1.8.tgz 215ms (cache miss)
166 http fetch GET 200 https://registry.npmjs.org/ajv-draft-04/-/ajv-draft-04-1.0.0.tgz 206ms (cache miss)
167 http fetch GET 200 https://registry.npmjs.org/vscode-uri/-/vscode-uri-3.2.0.tgz 215ms (cache miss)
168 http fetch GET 200 https://registry.npmjs.org/jsonc-parser/-/jsonc-parser-3.3.1.tgz 223ms (cache miss)
169 http fetch GET 200 https://registry.npmjs.org/vscode-jsonrpc/-/vscode-jsonrpc-8.2.0.tgz 247ms (cache miss)
170 http fetch GET 200 https://registry.npmjs.org/vscode-languageserver-protocol/-/vscode-languageserver-protocol-3.17.5.tgz 276ms (cache miss)
171 http fetch GET 200 https://registry.npmjs.org/vscode-languageserver/-/vscode-languageserver-9.0.1.tgz 272ms (cache miss)
172 http fetch GET 200 https://registry.npmjs.org/ajv-i18n/-/ajv-i18n-4.2.0.tgz 289ms (cache miss)
173 http fetch GET 200 https://registry.npmjs.org/prettier/-/prettier-3.9.9.tgz 381ms (cache miss)
174 http fetch GET 200 https://registry.npmjs.org/yaml/-/yaml-2.8.3.tgz 404ms (cache miss)
175 http fetch GET 200 https://registry.npmjs.org/ajv/-/ajv-8.20.0.tgz 480ms (cache miss)
176 http fetch GET 200 https://registry.npmjs.org/yaml-language-server/-/yaml-language-server-1.24.0.tgz 699ms (cache miss)
177 verbose cwd /Users/nitin/Documents/Maverick Harness
178 verbose os Darwin 25.6.0
179 verbose node v26.7.0
180 verbose npm  v12.0.2
181 notice
181 notice New minor version of npm available! 12.0.2 -> 12.2.0
181 notice Changelog: https://github.com/npm/cli/releases/tag/v12.2.0
181 notice To update run: npm install -g npm@12.2.0
181 notice  { force: true, Symbol(proc-log.meta): true }
182 verbose exit 0
183 info ok
